EHN FAITHFUL relaxer  N=192 L=153.6 dx=0.800 nlink=3 C=400.0 α=0.0001 β=0.002 U=50.0 q1=1.0 q2=0.0 ic=screened agrad=naive  (EHN E≈None)
  n     0: Q=-3.000 link=+0% C=0 E= 52363.6 (g1=48920 g2=4167 mag=0.0 el=0.0 sky=0 pot=-724)
        topo: Lk(φ1,φ2)=-2.887 nseg1=780 nseg2=570
/workspace/jaxenv/lib/python3.14/site-packages/jax_solitons/knots.py:53: FutureWarning: In the future `np.object` will be defined as the corresponding NumPy scalar.
  if not hasattr(np, a):
Could not import cythonised chelpers, using Python alternative. This will give the same result, but is slower.
        det(φ1): [(224, 1), (224, 1), (210, 1), (32, 1), (22, 1), (13, 1)]
  n  1000: Q=-2.997 link=-2% C=50 E=  7805.6 (g1=4672 g2=3845 mag=1.2 el=10.5 sky=0 pot=-724)
        topo: Lk(φ1,φ2)=-3.0 nseg1=646 nseg2=516
  n  2000: Q=-2.998 link=-7% C=100 E=  6245.7 (g1=3305 g2=3569 mag=3.6 el=92.1 sky=0 pot=-724)
        topo: Lk(φ1,φ2)=-3.0 nseg1=638 nseg2=516
  n  3000: Q=-2.999 link=-12% C=150 E=  5603.5 (g1=2700 g2=3374 mag=5.0 el=247.7 sky=0 pot=-723)
        topo: Lk(φ1,φ2)=-3.0 nseg1=632 nseg2=516
  n  4000: Q=-2.999 link=-8% C=200 E=  5338.4 (g1=2400 g2=3231 mag=5.3 el=425.9 sky=0 pot=-723)
        topo: Lk(φ1,φ2)=-3.0 nseg1=630 nseg2=528
  n  5000: Q=-2.999 link=-7% C=250 E=  5179.6 (g1=2255 g2=3121 mag=5.1 el=521.6 sky=0 pot=-723)
        topo: Lk(φ1,φ2)=-3.0 nseg1=630 nseg2=512
  n  6000: Q=-2.999 link=-7% C=300 E=  5029.5 (g1=2194 g2=3034 mag=5.0 el=519.7 sky=0 pot=-723)
        topo: Lk(φ1,φ2)=-3.0 nseg1=628 nseg2=526
        det(φ1): [(220, 1), (220, 1), (188, 1)]
  n  7000: Q=-2.999 link=-3% C=350 E=  4925.4 (g1=2167 g2=2963 mag=5.1 el=513.0 sky=0 pot=-723)
        topo: Lk(φ1,φ2)=-3.0 nseg1=626 nseg2=518
  n  8000: Q=-2.999 link=-2% C=400 E=  4794.8 (g1=2151 g2=2904 mag=5.4 el=457.2 sky=0 pot=-723)
        topo: Lk(φ1,φ2)=-3.0 nseg1=620 nseg2=520
  n  9000: Q=-2.999 link=-0% C=400 E=  4632.9 (g1=2130 g2=2852 mag=6.1 el=366.9 sky=0 pot=-723)
        topo: Lk(φ1,φ2)=-3.0 nseg1=612 nseg2=534
  n 10000: Q=-2.999 link=+1% C=400 E=  4526.8 (g1=2098 g2=2807 mag=7.1 el=337.8 sky=0 pot=-723)
        topo: Lk(φ1,φ2)=-3.0 nseg1=612 nseg2=520
  n 11000: Q=-2.999 link=+2% C=400 E=  4418.5 (g1=2059 g2=2767 mag=8.2 el=306.9 sky=0 pot=-722)
        topo: Lk(φ1,φ2)=-3.0 nseg1=612 nseg2=528
  n 12000: Q=-2.998 link=+2% C=400 E=  4329.7 (g1=2019 g2=2731 mag=9.5 el=292.7 sky=0 pot=-722)
        topo: Lk(φ1,φ2)=-3.0 nseg1=612 nseg2=532
        det(φ1): [(216, 1), (216, 1), (180, 1)]
  n 13000: Q=-2.998 link=+0% C=400 E=  4254.1 (g1=1980 g2=2698 mag=10.8 el=287.8 sky=0 pot=-722)
        topo: Lk(φ1,φ2)=-3.0 nseg1=612 nseg2=500
  n 14000: Q=-2.998 link=-1% C=400 E=  4189.4 (g1=1942 g2=2668 mag=12.2 el=288.8 sky=0 pot=-722)
        topo: Lk(φ1,φ2)=-3.0 nseg1=612 nseg2=504
  n 15000: Q=-2.998 link=-0% C=400 E=  4138.8 (g1=1907 g2=2641 mag=13.6 el=299.1 sky=0 pot=-722)
        topo: Lk(φ1,φ2)=-3.0 nseg1=616 nseg2=502
  n 16000: Q=-2.997 link=+1% C=400 E=  4076.0 (g1=1876 g2=2615 mag=15.1 el=291.6 sky=0 pot=-722)
        topo: Lk(φ1,φ2)=-3.0 nseg1=616 nseg2=500
  n 17000: Q=-2.997 link=-1% C=400 E=  4070.8 (g1=1846 g2=2592 mag=16.6 el=337.7 sky=0 pot=-722)
        topo: Lk(φ1,φ2)=-3.0 nseg1=614 nseg2=506
  n 18000: Q=-2.997 link=-1% C=400 E=  3957.5 (g1=1821 g2=2570 mag=17.9 el=270.0 sky=0 pot=-722)
        topo: Lk(φ1,φ2)=-3.0 nseg1=614 nseg2=504
        det(φ1): [(216, 1), (216, 1), (182, 1)]
  n 19000: Q=-2.997 link=-0% C=400 E=  3920.9 (g1=1796 g2=2549 mag=19.5 el=277.3 sky=0 pot=-722)
        topo: Lk(φ1,φ2)=-3.0 nseg1=612 nseg2=524
  n 20000: Q=-2.997 link=-1% C=400 E=  3985.7 (g1=1774 g2=2530 mag=21.0 el=382.5 sky=0 pot=-721)
        topo: Lk(φ1,φ2)=-3.0 nseg1=612 nseg2=524
  n 21000: Q=-2.997 link=-1% C=400 E=  3828.1 (g1=1753 g2=2512 mag=22.4 el=262.5 sky=0 pot=-721)
        topo: Lk(φ1,φ2)=-3.0 nseg1=608 nseg2=518
  n 22000: Q=-2.997 link=-1% C=400 E=  3795.9 (g1=1733 g2=2494 mag=23.8 el=266.1 sky=0 pot=-721)
        topo: Lk(φ1,φ2)=-3.0 nseg1=608 nseg2=516
  n 23000: Q=-2.996 link=-1% C=400 E=  3764.7 (g1=1713 g2=2478 mag=25.2 el=269.0 sky=0 pot=-721)
        topo: Lk(φ1,φ2)=-3.0 nseg1=608 nseg2=534
  n 24000: Q=-2.996 link=-1% C=400 E=  3741.3 (g1=1695 g2=2462 mag=26.6 el=278.0 sky=0 pot=-721)
        topo: Lk(φ1,φ2)=-3.0 nseg1=610 nseg2=536
        det(φ1): [(214, 1), (212, 1), (184, 1)]
  n 25000: Q=-2.996 link=-2% C=400 E=  3673.0 (g1=1679 g2=2448 mag=27.8 el=239.5 sky=0 pot=-721)
        topo: Lk(φ1,φ2)=-3.0 nseg1=610 nseg2=536
  n 26000: Q=-2.996 link=-1% C=400 E=  3650.8 (g1=1662 g2=2434 mag=29.1 el=246.8 sky=0 pot=-721)
        topo: Lk(φ1,φ2)=-3.0 nseg1=616 nseg2=530
  n 27000: Q=-2.996 link=-0% C=400 E=  3632.2 (g1=1646 g2=2420 mag=30.5 el=255.8 sky=0 pot=-721)
        topo: Lk(φ1,φ2)=-3.0 nseg1=618 nseg2=528
  n 28000: Q=-2.996 link=-1% C=400 E=  3633.1 (g1=1631 g2=2407 mag=31.8 el=283.2 sky=0 pot=-721)
        topo: Lk(φ1,φ2)=-3.0 nseg1=618 nseg2=526
  n 29000: Q=-2.995 link=-2% C=400 E=  3572.6 (g1=1616 g2=2395 mag=33.2 el=248.6 sky=0 pot=-720)
        topo: Lk(φ1,φ2)=-3.0 nseg1=618 nseg2=544
  n 30000: Q=-2.995 link=+1% C=400 E=  3618.0 (g1=1603 g2=2384 mag=33.9 el=317.4 sky=0 pot=-720)
        topo: Lk(φ1,φ2)=-3.0 nseg1=620 nseg2=520
        det(φ1): [(218, 1), (214, 1), (188, 1)]
  n 31000: Q=-2.995 link=-2% C=400 E=  3520.2 (g1=1590 g2=2372 mag=35.2 el=243.3 sky=0 pot=-720)
        topo: Lk(φ1,φ2)=-3.0 nseg1=610 nseg2=522
  n 32000: Q=-2.994 link=-0% C=400 E=  3510.5 (g1=1577 g2=2361 mag=36.5 el=256.5 sky=0 pot=-720)
        topo: Lk(φ1,φ2)=-3.0 nseg1=610 nseg2=516
  n 33000: Q=-2.994 link=-0% C=400 E=  3491.4 (g1=1564 g2=2351 mag=37.6 el=258.5 sky=0 pot=-720)
        topo: Lk(φ1,φ2)=-3.0 nseg1=610 nseg2=526
  n 34000: Q=-2.994 link=+0% C=400 E=  3478.5 (g1=1553 g2=2341 mag=38.3 el=266.6 sky=0 pot=-720)
        topo: Lk(φ1,φ2)=-3.0 nseg1=606 nseg2=520
  n 35000: Q=-2.994 link=-1% C=400 E=  3452.7 (g1=1542 g2=2331 mag=39.4 el=259.9 sky=0 pot=-720)
        topo: Lk(φ1,φ2)=-3.0 nseg1=598 nseg2=530
  n 36000: Q=-2.993 link=-1% C=400 E=  3437.5 (g1=1531 g2=2321 mag=40.5 el=264.8 sky=0 pot=-720)
        topo: Lk(φ1,φ2)=-3.0 nseg1=598 nseg2=514
        det(φ1): [(210, 1), (206, 1), (182, 1)]
  FINAL E=3437.5 (EHN≈None) link=-1% Lk(φ1,φ2)=-3.0 det(φ1)=[(210, 1), (206, 1), (182, 1)] mag=40.5 el=264.8  (1560s)
