EHN FAITHFUL relaxer  N=192 L=153.6 dx=0.800 nlink=5 C=400.0 α=0.0001 β=0.002 U=50.0 q1=1.0 q2=0.0 ic=screened agrad=wrapped  (EHN E≈7000.0)
  n     0: Q=-4.999 link=-100% C=0 E= 11173.5 (g1=766 g2=4217 mag=6914.9 el=0.0 sky=0 pot=-724)
        topo: Lk(φ1,φ2)=-5.021 nseg1=1248 nseg2=570
/workspace/jaxenv/lib/python3.14/site-packages/jax_solitons/knots.py:53: FutureWarning: In the future `np.object` will be defined as the corresponding NumPy scalar.
  if not hasattr(np, a):
Could not import cythonised chelpers, using Python alternative. This will give the same result, but is slower.
        det(φ1): [(252, 1), (228, 1), (228, 1), (216, 1), (216, 1), (37, 1)]
  n  1000: Q=-4.960 link=-100% C=50 E= 20052.2 (g1=711 g2=3818 mag=5909.7 el=10336.9 sky=0 pot=-724)
        topo: Lk(φ1,φ2)=-5.0 nseg1=1180 nseg2=544
  n  2000: Q=-4.663 link=-100% C=100 E= 17733.2 (g1=768 g2=4051 mag=4808.6 el=8830.2 sky=0 pot=-724)
        topo: Lk(φ1,φ2)=-5.0 nseg1=1152 nseg2=516
  n  3000: Q=-4.465 link=-100% C=150 E= 13906.2 (g1=953 g2=3874 mag=4207.4 el=5595.3 sky=0 pot=-724)
        topo: Lk(φ1,φ2)=-5.0 nseg1=1146 nseg2=530
  n  4000: Q=-4.286 link=-96% C=200 E= 12613.1 (g1=1164 g2=3681 mag=3727.2 el=4764.7 sky=0 pot=-724)
        topo: Lk(φ1,φ2)=-5.0 nseg1=1132 nseg2=504
  n  5000: Q=-4.101 link=-86% C=250 E= 11815.9 (g1=1375 g2=3534 mag=3317.4 el=4312.4 sky=0 pot=-724)
        topo: Lk(φ1,φ2)=-5.0 nseg1=1136 nseg2=510
  n  6000: Q=-3.928 link=-75% C=300 E= 11128.5 (g1=1585 g2=3420 mag=2965.2 el=3881.1 sky=0 pot=-724)
        topo: Lk(φ1,φ2)=-5.0 nseg1=1130 nseg2=520
        det(φ1): [(242, 1), (228, 1), (228, 1), (216, 1), (216, 1)]
  n  7000: Q=-3.781 link=-65% C=350 E= 10486.1 (g1=1801 g2=3330 mag=2661.7 el=3416.6 sky=0 pot=-724)
        topo: Lk(φ1,φ2)=-5.0 nseg1=1130 nseg2=534
  n  8000: Q=-3.664 link=-56% C=400 E=  9874.0 (g1=2009 g2=3256 mag=2399.0 el=2932.9 sky=0 pot=-724)
        topo: Lk(φ1,φ2)=-5.0 nseg1=1130 nseg2=530
  n  9000: Q=-3.582 link=-49% C=400 E=  8953.5 (g1=2179 g2=3191 mag=2170.0 el=2136.9 sky=0 pot=-723)
        topo: Lk(φ1,φ2)=-5.0 nseg1=1132 nseg2=514
  n 10000: Q=-3.530 link=-45% C=400 E=  8286.7 (g1=2292 g2=3132 mag=1969.4 el=1616.6 sky=0 pot=-723)
        topo: Lk(φ1,φ2)=-5.0 nseg1=1132 nseg2=520
  n 11000: Q=-3.502 link=-42% C=400 E=  7849.6 (g1=2369 g2=3080 mag=1793.6 el=1330.6 sky=0 pot=-723)
        topo: Lk(φ1,φ2)=-5.0 nseg1=1132 nseg2=524
  n 12000: Q=-3.493 link=-40% C=400 E=  7539.7 (g1=2422 g2=3035 mag=1639.4 el=1167.2 sky=0 pot=-723)
        topo: Lk(φ1,φ2)=-5.0 nseg1=1132 nseg2=534
        det(φ1): [(244, 1), (228, 1), (228, 1), (216, 1), (216, 1)]
  n 13000: Q=-3.500 link=-39% C=400 E=  7294.5 (g1=2459 g2=2995 mag=1503.8 el=1059.8 sky=0 pot=-723)
        topo: Lk(φ1,φ2)=-5.0 nseg1=1130 nseg2=528
  n 14000: Q=-3.521 link=-38% C=400 E=  7085.2 (g1=2486 g2=2959 mag=1384.2 el=979.0 sky=0 pot=-723)
        topo: Lk(φ1,φ2)=-5.0 nseg1=1126 nseg2=524
  n 15000: Q=-3.553 link=-37% C=400 E=  6917.5 (g1=2505 g2=2927 mag=1278.4 el=930.0 sky=0 pot=-723)
        topo: Lk(φ1,φ2)=-5.0 nseg1=1126 nseg2=524
  n 16000: Q=-3.593 link=-37% C=400 E=  6772.0 (g1=2518 g2=2898 mag=1184.6 el=894.0 sky=0 pot=-723)
        topo: Lk(φ1,φ2)=-5.0 nseg1=1126 nseg2=526
  n 17000: Q=-3.640 link=-36% C=400 E=  6644.0 (g1=2527 g2=2872 mag=1101.2 el=866.8 sky=0 pot=-723)
        topo: Lk(φ1,φ2)=-5.0 nseg1=1126 nseg2=520
  n 18000: Q=-3.691 link=-36% C=400 E=  6537.2 (g1=2532 g2=2848 mag=1026.6 el=853.5 sky=0 pot=-723)
        topo: Lk(φ1,φ2)=-5.0 nseg1=1126 nseg2=524
        det(φ1): [(238, 1), (228, 1), (228, 1), (216, 1), (216, 1)]
  n 19000: Q=-3.745 link=-35% C=400 E=  6419.3 (g1=2534 g2=2825 mag=959.8 el=822.2 sky=0 pot=-722)
        topo: Lk(φ1,φ2)=-5.0 nseg1=1126 nseg2=530
  n 20000: Q=-3.800 link=-35% C=400 E=  6324.4 (g1=2535 g2=2804 mag=899.8 el=807.7 sky=0 pot=-722)
        topo: Lk(φ1,φ2)=-5.0 nseg1=1124 nseg2=526
  n 21000: Q=-3.856 link=-35% C=400 E=  6239.3 (g1=2533 g2=2785 mag=845.7 el=797.6 sky=0 pot=-722)
        topo: Lk(φ1,φ2)=-5.0 nseg1=1122 nseg2=532
  n 22000: Q=-3.911 link=-35% C=400 E=  6158.4 (g1=2531 g2=2766 mag=796.8 el=786.7 sky=0 pot=-722)
        topo: Lk(φ1,φ2)=-5.0 nseg1=1122 nseg2=528
  n 23000: Q=-3.966 link=-35% C=400 E=  6080.3 (g1=2527 g2=2749 mag=752.5 el=774.1 sky=0 pot=-722)
        topo: Lk(φ1,φ2)=-5.0 nseg1=1122 nseg2=548
  n 24000: Q=-4.018 link=-34% C=400 E=  6011.2 (g1=2522 g2=2732 mag=712.2 el=766.6 sky=0 pot=-722)
        topo: Lk(φ1,φ2)=-5.0 nseg1=1120 nseg2=546
        det(φ1): [(232, 1), (228, 1), (228, 1), (216, 1), (216, 1)]
  n 25000: Q=-4.069 link=-34% C=400 E=  5946.6 (g1=2517 g2=2716 mag=675.5 el=759.7 sky=0 pot=-722)
        topo: Lk(φ1,φ2)=-5.0 nseg1=1120 nseg2=542
  n 26000: Q=-4.117 link=-34% C=400 E=  5883.9 (g1=2511 g2=2701 mag=641.9 el=751.6 sky=0 pot=-722)
        topo: Lk(φ1,φ2)=-5.0 nseg1=1118 nseg2=552
  n 27000: Q=-4.163 link=-34% C=400 E=  5827.1 (g1=2505 g2=2687 mag=611.2 el=746.2 sky=0 pot=-722)
        topo: Lk(φ1,φ2)=-5.0 nseg1=1118 nseg2=558
  n 28000: Q=-4.207 link=-34% C=400 E=  5771.7 (g1=2498 g2=2673 mag=582.9 el=739.5 sky=0 pot=-721)
        topo: Lk(φ1,φ2)=-5.0 nseg1=1116 nseg2=544
  n 29000: Q=-4.248 link=-34% C=400 E=  5722.5 (g1=2491 g2=2659 mag=557.0 el=736.5 sky=0 pot=-721)
        topo: Lk(φ1,φ2)=-5.0 nseg1=1116 nseg2=578
  n 30000: Q=-4.287 link=-34% C=400 E=  5670.4 (g1=2484 g2=2646 mag=533.1 el=728.1 sky=0 pot=-721)
        topo: Lk(φ1,φ2)=-5.0 nseg1=1118 nseg2=608
        det(φ1): [(230, 1), (228, 1), (228, 1), (216, 1), (216, 1)]
  n 31000: Q=-4.323 link=-34% C=400 E=  5621.6 (g1=2477 g2=2634 mag=511.0 el=720.8 sky=0 pot=-721)
        topo: Lk(φ1,φ2)=-5.0 nseg1=1118 nseg2=612
  n 32000: Q=-4.357 link=-34% C=400 E=  5579.3 (g1=2470 g2=2621 mag=490.6 el=718.3 sky=0 pot=-721)
        topo: Lk(φ1,φ2)=-5.0 nseg1=1118 nseg2=596
  n 33000: Q=-4.389 link=-33% C=400 E=  5541.4 (g1=2463 g2=2610 mag=471.7 el=718.0 sky=0 pot=-721)
        topo: Lk(φ1,φ2)=-5.0 nseg1=1120 nseg2=602
  n 34000: Q=-4.419 link=-33% C=400 E=  5502.8 (g1=2456 g2=2598 mag=454.1 el=715.5 sky=0 pot=-721)
        topo: Lk(φ1,φ2)=-5.0 nseg1=1120 nseg2=626
  n 35000: Q=-4.447 link=-33% C=400 E=  5456.8 (g1=2449 g2=2587 mag=437.7 el=703.9 sky=0 pot=-721)
        topo: Lk(φ1,φ2)=-5.0 nseg1=1120 nseg2=650
  n 36000: Q=-4.473 link=-33% C=400 E=  5424.5 (g1=2442 g2=2576 mag=422.5 el=704.7 sky=0 pot=-721)
        topo: Lk(φ1,φ2)=-5.0 nseg1=1122 nseg2=672
        det(φ1): [(234, 1), (228, 1), (228, 1), (216, 1), (216, 1)]
  FINAL E=5424.5 (EHN≈7000.0) link=-33% Lk(φ1,φ2)=-5.0 det(φ1)=[(234, 1), (228, 1), (228, 1), (216, 1), (216, 1)] mag=422.5 el=704.7  (1830s)
