EHN FAITHFUL relaxer  N=320 L=256.0 dx=0.800 nlink=5 C=400.0 α=0.0001 β=0.002 U=50.0 q1=1.0 q2=0.0 ic=screened agrad=wrapped  (EHN E≈7000.0)
  n     0: Q=-4.942 link=-100% C=0 E= 25998.4 (g1=5775 g2=9075 mag=14502.1 el=0.0 sky=0 pot=-3354)
        topo: Lk(φ1,φ2)=-5.0 nseg1=2352 nseg2=640
/workspace/jaxenv/lib/python3.14/site-packages/jax_solitons/knots.py:53: FutureWarning: In the future `np.object` will be defined as the corresponding NumPy scalar.
  if not hasattr(np, a):
        det(φ1): [(2352, 'e:ImportError')]
  n   500: Q=-4.923 link=-100% C=25 E= 29593.4 (g1=9580 g2=8539 mag=13568.3 el=1259.9 sky=0 pot=-3354)
        topo: Lk(φ1,φ2)=-5.0 nseg1=2352 nseg2=640
        det(φ1): [(2352, 'e:ImportError')]
  n  1000: Q=-4.899 link=-100% C=50 E= 32921.9 (g1=9469 g2=8108 mag=12625.8 el=6073.1 sky=0 pot=-3354)
        topo: Lk(φ1,φ2)=-5.0 nseg1=2352 nseg2=640
        det(φ1): [(2352, 'e:ImportError')]
  n  1500: Q=-4.829 link=-100% C=75 E= 36779.8 (g1=8705 g2=7799 mag=11617.4 el=12011.7 sky=0 pot=-3354)
        topo: Lk(φ1,φ2)=-5.0 nseg1=2352 nseg2=640
        det(φ1): [(2352, 'e:ImportError')]
  n  2000: Q=-4.558 link=-100% C=100 E= 32101.8 (g1=7978 g2=7875 mag=10711.3 el=8891.5 sky=0 pot=-3354)
        topo: Lk(φ1,φ2)=-5.0 nseg1=2352 nseg2=640
        det(φ1): [(2352, 'e:ImportError')]
  n  2500: Q=-4.451 link=-100% C=125 E= 28886.2 (g1=7352 g2=7678 mag=9971.6 el=7237.6 sky=0 pot=-3354)
        topo: Lk(φ1,φ2)=-5.0 nseg1=2352 nseg2=640
        det(φ1): [(2352, 'e:ImportError')]
  n  3000: Q=-4.397 link=-100% C=150 E= 26227.2 (g1=6833 g2=7500 mag=9335.0 el=5913.0 sky=0 pot=-3354)
        topo: Lk(φ1,φ2)=-5.0 nseg1=2352 nseg2=640
        det(φ1): [(2352, 'e:ImportError')]
  n  3500: Q=-4.298 link=-100% C=175 E= 24511.4 (g1=6408 g2=7300 mag=8771.0 el=5386.5 sky=0 pot=-3354)
        topo: Lk(φ1,φ2)=-5.0 nseg1=2352 nseg2=640
        det(φ1): [(2352, 'e:ImportError')]
  n  4000: Q=-4.212 link=-100% C=200 E= 23180.5 (g1=6062 g2=7122 mag=8253.3 el=5096.8 sky=0 pot=-3354)
        topo: Lk(φ1,φ2)=-5.0 nseg1=2352 nseg2=640
        det(φ1): [(2352, 'e:ImportError')]
  n  4500: Q=-4.125 link=-100% C=225 E= 22058.7 (g1=5785 g2=6967 mag=7775.4 el=4885.5 sky=0 pot=-3354)
        topo: Lk(φ1,φ2)=-5.0 nseg1=2352 nseg2=640
        det(φ1): [(2352, 'e:ImportError')]
  n  5000: Q=-4.041 link=-100% C=250 E= 21093.8 (g1=5563 g2=6831 mag=7332.9 el=4720.9 sky=0 pot=-3354)
        topo: Lk(φ1,φ2)=-5.0 nseg1=2352 nseg2=640
        det(φ1): [(2352, 'e:ImportError')]
  n  5500: Q=-3.963 link=-99% C=275 E= 20245.5 (g1=5387 g2=6710 mag=6922.5 el=4579.7 sky=0 pot=-3354)
        topo: Lk(φ1,φ2)=-5.0 nseg1=2352 nseg2=640
        det(φ1): [(2352, 'e:ImportError')]
  n  6000: Q=-3.888 link=-99% C=300 E= 19490.0 (g1=5249 g2=6602 mag=6541.6 el=4450.6 sky=0 pot=-3354)
        topo: Lk(φ1,φ2)=-5.0 nseg1=2352 nseg2=640
        det(φ1): [(2352, 'e:ImportError')]
  n  6500: Q=-3.818 link=-97% C=325 E= 18808.0 (g1=5142 g2=6506 mag=6187.8 el=4325.5 sky=0 pot=-3353)
        topo: Lk(φ1,φ2)=-5.0 nseg1=2352 nseg2=640
        det(φ1): [(2352, 'e:ImportError')]
  n  7000: Q=-3.755 link=-96% C=350 E= 18187.0 (g1=5062 g2=6418 mag=5859.1 el=4200.7 sky=0 pot=-3353)
        topo: Lk(φ1,φ2)=-5.0 nseg1=2352 nseg2=640
        det(φ1): [(2352, 'e:ImportError')]
  n  7500: Q=-3.698 link=-94% C=375 E= 17619.6 (g1=5004 g2=6339 mag=5553.4 el=4076.6 sky=0 pot=-3353)
        topo: Lk(φ1,φ2)=-5.0 nseg1=2352 nseg2=640
        det(φ1): [(2352, 'e:ImportError')]
  n  8000: Q=-3.646 link=-91% C=400 E= 17101.4 (g1=4963 g2=6267 mag=5269.1 el=3955.4 sky=0 pot=-3353)
        topo: Lk(φ1,φ2)=-5.0 nseg1=2352 nseg2=640
        det(φ1): [(2352, 'e:ImportError')]
  n  8500: Q=-3.602 link=-89% C=400 E= 16346.0 (g1=4932 g2=6198 mag=5004.0 el=3564.7 sky=0 pot=-3353)
        topo: Lk(φ1,φ2)=-5.0 nseg1=2352 nseg2=640
        det(φ1): [(2352, 'e:ImportError')]
  n  9000: Q=-3.567 link=-87% C=400 E= 15628.2 (g1=4900 g2=6133 mag=4756.4 el=3191.2 sky=0 pot=-3353)
        topo: Lk(φ1,φ2)=-5.0 nseg1=2352 nseg2=640
        det(φ1): [(2352, 'e:ImportError')]
  n  9500: Q=-3.537 link=-85% C=400 E= 14999.4 (g1=4868 g2=6072 mag=4525.1 el=2887.7 sky=0 pot=-3353)
        topo: Lk(φ1,φ2)=-5.0 nseg1=2352 nseg2=640
        det(φ1): [(2352, 'e:ImportError')]
  n 10000: Q=-3.514 link=-83% C=400 E= 14454.8 (g1=4835 g2=6014 mag=4309.2 el=2649.0 sky=0 pot=-3353)
        topo: Lk(φ1,φ2)=-5.0 nseg1=2352 nseg2=640
        det(φ1): [(2352, 'e:ImportError')]
  n 10500: Q=-3.497 link=-81% C=400 E= 13979.4 (g1=4803 g2=5961 mag=4107.5 el=2460.4 sky=0 pot=-3353)
        topo: Lk(φ1,φ2)=-5.0 nseg1=2352 nseg2=640
        det(φ1): [(2352, 'e:ImportError')]
  n 11000: Q=-3.485 link=-80% C=400 E= 13559.2 (g1=4773 g2=5911 mag=3919.1 el=2308.9 sky=0 pot=-3353)
        topo: Lk(φ1,φ2)=-5.0 nseg1=2352 nseg2=640
        det(φ1): [(2352, 'e:ImportError')]
  n 11500: Q=-3.477 link=-79% C=400 E= 13186.2 (g1=4744 g2=5864 mag=3743.0 el=2187.4 sky=0 pot=-3353)
        topo: Lk(φ1,φ2)=-5.0 nseg1=2352 nseg2=640
        det(φ1): [(2352, 'e:ImportError')]
  n 12000: Q=-3.474 link=-78% C=400 E= 12849.3 (g1=4717 g2=5820 mag=3578.2 el=2086.2 sky=0 pot=-3353)
        topo: Lk(φ1,φ2)=-5.0 nseg1=2352 nseg2=640
        det(φ1): [(2352, 'e:ImportError')]
  n 12500: Q=-3.475 link=-77% C=400 E= 12542.8 (g1=4691 g2=5779 mag=3424.0 el=2001.1 sky=0 pot=-3353)
        topo: Lk(φ1,φ2)=-5.0 nseg1=2352 nseg2=640
        det(φ1): [(2352, 'e:ImportError')]
  n 13000: Q=-3.479 link=-76% C=400 E= 12262.7 (g1=4666 g2=5740 mag=3279.5 el=1929.1 sky=0 pot=-3353)
        topo: Lk(φ1,φ2)=-5.0 nseg1=2352 nseg2=640
        det(φ1): [(2352, 'e:ImportError')]
  n 13500: Q=-3.487 link=-76% C=400 E= 12004.2 (g1=4642 g2=5704 mag=3144.1 el=1866.7 sky=0 pot=-3352)
        topo: Lk(φ1,φ2)=-5.0 nseg1=2352 nseg2=640
        det(φ1): [(2352, 'e:ImportError')]
  n 14000: Q=-3.497 link=-75% C=400 E= 11765.0 (g1=4619 g2=5669 mag=3017.0 el=1812.5 sky=0 pot=-3352)
        topo: Lk(φ1,φ2)=-5.0 nseg1=2352 nseg2=640
        det(φ1): [(2352, 'e:ImportError')]
  n 14500: Q=-3.511 link=-74% C=400 E= 11543.5 (g1=4596 g2=5636 mag=2897.6 el=1765.9 sky=0 pot=-3352)
        topo: Lk(φ1,φ2)=-5.0 nseg1=2352 nseg2=640
        det(φ1): [(2352, 'e:ImportError')]
  n 15000: Q=-3.527 link=-74% C=400 E= 11336.5 (g1=4574 g2=5605 mag=2785.4 el=1724.5 sky=0 pot=-3352)
        topo: Lk(φ1,φ2)=-5.0 nseg1=2352 nseg2=640
        det(φ1): [(2352, 'e:ImportError')]
  n 15500: Q=-3.545 link=-73% C=400 E= 11143.3 (g1=4552 g2=5575 mag=2679.8 el=1688.3 sky=0 pot=-3352)
        topo: Lk(φ1,φ2)=-5.0 nseg1=2352 nseg2=640
        det(φ1): [(2352, 'e:ImportError')]
  n 16000: Q=-3.564 link=-73% C=400 E= 10962.6 (g1=4531 g2=5547 mag=2580.4 el=1656.8 sky=0 pot=-3352)
        topo: Lk(φ1,φ2)=-5.0 nseg1=2352 nseg2=640
        det(φ1): [(2352, 'e:ImportError')]
  n 16500: Q=-3.586 link=-72% C=400 E= 10790.9 (g1=4510 g2=5519 mag=2486.7 el=1626.9 sky=0 pot=-3352)
        topo: Lk(φ1,φ2)=-5.0 nseg1=2352 nseg2=640
        det(φ1): [(2352, 'e:ImportError')]
  n 17000: Q=-3.609 link=-72% C=400 E= 10630.4 (g1=4489 g2=5493 mag=2398.3 el=1601.5 sky=0 pot=-3352)
        topo: Lk(φ1,φ2)=-5.0 nseg1=2352 nseg2=640
        det(φ1): [(2352, 'e:ImportError')]
  n 17500: Q=-3.632 link=-72% C=400 E= 10477.3 (g1=4468 g2=5468 mag=2314.9 el=1577.4 sky=0 pot=-3352)
        topo: Lk(φ1,φ2)=-5.0 nseg1=2352 nseg2=640
        det(φ1): [(2352, 'e:ImportError')]
  n 18000: Q=-3.657 link=-71% C=400 E= 10333.3 (g1=4448 g2=5444 mag=2236.0 el=1556.4 sky=0 pot=-3352)
        topo: Lk(φ1,φ2)=-5.0 nseg1=2352 nseg2=640
        det(φ1): [(2352, 'e:ImportError')]
  n 18500: Q=-3.683 link=-71% C=400 E= 10196.2 (g1=4428 g2=5421 mag=2161.5 el=1537.0 sky=0 pot=-3352)
        topo: Lk(φ1,φ2)=-5.0 nseg1=2352 nseg2=640
        det(φ1): [(2352, 'e:ImportError')]
  n 19000: Q=-3.710 link=-71% C=400 E= 10066.1 (g1=4408 g2=5399 mag=2090.9 el=1519.6 sky=0 pot=-3351)
        topo: Lk(φ1,φ2)=-5.0 nseg1=2352 nseg2=640
        det(φ1): [(2352, 'e:ImportError')]
  n 19500: Q=-3.736 link=-71% C=400 E=  9941.6 (g1=4388 g2=5378 mag=2024.1 el=1503.1 sky=0 pot=-3351)
        topo: Lk(φ1,φ2)=-5.0 nseg1=2352 nseg2=640
        det(φ1): [(2352, 'e:ImportError')]
  n 20000: Q=-3.764 link=-70% C=400 E=  9823.3 (g1=4369 g2=5357 mag=1960.7 el=1488.4 sky=0 pot=-3351)
        topo: Lk(φ1,φ2)=-5.0 nseg1=2352 nseg2=640
        det(φ1): [(2352, 'e:ImportError')]
  n 20500: Q=-3.791 link=-70% C=400 E=  9711.6 (g1=4349 g2=5337 mag=1900.6 el=1476.1 sky=0 pot=-3351)
        topo: Lk(φ1,φ2)=-5.0 nseg1=2352 nseg2=640
        det(φ1): [(2352, 'e:ImportError')]
  n 21000: Q=-3.818 link=-70% C=400 E=  9602.6 (g1=4330 g2=5317 mag=1843.5 el=1462.7 sky=0 pot=-3351)
        topo: Lk(φ1,φ2)=-5.0 nseg1=2352 nseg2=640
        det(φ1): [(2352, 'e:ImportError')]
  n 21500: Q=-3.846 link=-70% C=400 E=  9500.8 (g1=4311 g2=5298 mag=1789.3 el=1452.8 sky=0 pot=-3351)
        topo: Lk(φ1,φ2)=-5.0 nseg1=2352 nseg2=640
        det(φ1): [(2352, 'e:ImportError')]
  n 22000: Q=-3.873 link=-70% C=400 E=  9400.7 (g1=4292 g2=5280 mag=1737.7 el=1441.3 sky=0 pot=-3351)
        topo: Lk(φ1,φ2)=-5.0 nseg1=2350 nseg2=640
        det(φ1): [(2350, 'e:ImportError')]
  n 22500: Q=-3.900 link=-69% C=400 E=  9305.5 (g1=4274 g2=5262 mag=1688.7 el=1431.4 sky=0 pot=-3351)
        topo: Lk(φ1,φ2)=-5.0 nseg1=2350 nseg2=640
        det(φ1): [(2350, 'e:ImportError')]
  n 23000: Q=-3.927 link=-69% C=400 E=  9212.9 (g1=4256 g2=5245 mag=1642.0 el=1421.1 sky=0 pot=-3351)
        topo: Lk(φ1,φ2)=-5.0 nseg1=2350 nseg2=642
        det(φ1): [(2350, 'e:ImportError')]
  n 23500: Q=-3.954 link=-69% C=400 E=  9123.7 (g1=4238 g2=5228 mag=1597.5 el=1411.3 sky=0 pot=-3351)
        topo: Lk(φ1,φ2)=-5.0 nseg1=2350 nseg2=642
        det(φ1): [(2350, 'e:ImportError')]
  n 24000: Q=-3.980 link=-69% C=400 E=  9040.1 (g1=4220 g2=5212 mag=1555.1 el=1404.3 sky=0 pot=-3351)
        topo: Lk(φ1,φ2)=-5.0 nseg1=2350 nseg2=640
        det(φ1): [(2350, 'e:ImportError')]
  n 24500: Q=-4.005 link=-69% C=400 E=  8958.5 (g1=4202 g2=5195 mag=1514.6 el=1396.8 sky=0 pot=-3350)
        topo: Lk(φ1,φ2)=-5.0 nseg1=2350 nseg2=640
        det(φ1): [(2350, 'e:ImportError')]
  n 25000: Q=-4.031 link=-69% C=400 E=  8879.7 (g1=4185 g2=5180 mag=1476.0 el=1389.6 sky=0 pot=-3350)
        topo: Lk(φ1,φ2)=-5.0 nseg1=2350 nseg2=642
        det(φ1): [(2350, 'e:ImportError')]
  n 25500: Q=-4.055 link=-69% C=400 E=  8803.6 (g1=4168 g2=5164 mag=1439.1 el=1382.7 sky=0 pot=-3350)
        topo: Lk(φ1,φ2)=-5.0 nseg1=2350 nseg2=644
        det(φ1): [(2350, 'e:ImportError')]
  n 26000: Q=-4.079 link=-69% C=400 E=  8730.1 (g1=4151 g2=5149 mag=1403.9 el=1376.2 sky=0 pot=-3350)
        topo: Lk(φ1,φ2)=-5.0 nseg1=2350 nseg2=648
        det(φ1): [(2350, 'e:ImportError')]
  n 26500: Q=-4.103 link=-69% C=400 E=  8659.1 (g1=4134 g2=5134 mag=1370.2 el=1370.1 sky=0 pot=-3350)
        topo: Lk(φ1,φ2)=-5.0 nseg1=2350 nseg2=650
        det(φ1): [(2350, 'e:ImportError')]
  n 27000: Q=-4.126 link=-68% C=400 E=  8593.4 (g1=4118 g2=5120 mag=1337.9 el=1367.3 sky=0 pot=-3350)
        topo: Lk(φ1,φ2)=-5.0 nseg1=2350 nseg2=652
        det(φ1): [(2350, 'e:ImportError')]
  n 27500: Q=-4.148 link=-68% C=400 E=  8524.6 (g1=4102 g2=5106 mag=1307.1 el=1359.4 sky=0 pot=-3350)
        topo: Lk(φ1,φ2)=-5.0 nseg1=2350 nseg2=650
        det(φ1): [(2350, 'e:ImportError')]
  n 28000: Q=-4.170 link=-68% C=400 E=  8459.6 (g1=4086 g2=5092 mag=1277.5 el=1353.6 sky=0 pot=-3350)
        topo: Lk(φ1,φ2)=-5.0 nseg1=2350 nseg2=648
        det(φ1): [(2350, 'e:ImportError')]
  n 28500: Q=-4.191 link=-68% C=400 E=  8397.6 (g1=4071 g2=5078 mag=1249.2 el=1348.9 sky=0 pot=-3350)
        topo: Lk(φ1,φ2)=-5.0 nseg1=2350 nseg2=650
        det(φ1): [(2350, 'e:ImportError')]
  n 29000: Q=-4.211 link=-68% C=400 E=  8336.9 (g1=4056 g2=5065 mag=1222.1 el=1343.9 sky=0 pot=-3350)
        topo: Lk(φ1,φ2)=-5.0 nseg1=2350 nseg2=650
        det(φ1): [(2350, 'e:ImportError')]
  n 29500: Q=-4.231 link=-68% C=400 E=  8278.2 (g1=4041 g2=5052 mag=1196.1 el=1339.2 sky=0 pot=-3349)
        topo: Lk(φ1,φ2)=-5.0 nseg1=2350 nseg2=652
        det(φ1): [(2350, 'e:ImportError')]
  n 30000: Q=-4.251 link=-68% C=400 E=  8221.6 (g1=4026 g2=5039 mag=1171.1 el=1335.1 sky=0 pot=-3349)
        topo: Lk(φ1,φ2)=-5.0 nseg1=2350 nseg2=658
        det(φ1): [(2350, 'e:ImportError')]
  n 30500: Q=-4.269 link=-68% C=400 E=  8167.0 (g1=4012 g2=5026 mag=1147.2 el=1331.5 sky=0 pot=-3349)
        topo: Lk(φ1,φ2)=-5.0 nseg1=2350 nseg2=660
        det(φ1): [(2350, 'e:ImportError')]
  n 31000: Q=-4.287 link=-68% C=400 E=  8112.4 (g1=3997 g2=5013 mag=1124.2 el=1326.6 sky=0 pot=-3349)
        topo: Lk(φ1,φ2)=-5.0 nseg1=2350 nseg2=660
        det(φ1): [(2350, 'e:ImportError')]
  n 31500: Q=-4.305 link=-68% C=400 E=  8060.3 (g1=3983 g2=5001 mag=1102.1 el=1322.7 sky=0 pot=-3349)
        topo: Lk(φ1,φ2)=-5.0 nseg1=2350 nseg2=658
        det(φ1): [(2350, 'e:ImportError')]
  n 32000: Q=-4.322 link=-68% C=400 E=  8009.5 (g1=3970 g2=4989 mag=1080.9 el=1318.9 sky=0 pot=-3349)
        topo: Lk(φ1,φ2)=-5.0 nseg1=2350 nseg2=656
        det(φ1): [(2350, 'e:ImportError')]
  n 32500: Q=-4.338 link=-68% C=400 E=  7960.2 (g1=3956 g2=4977 mag=1060.5 el=1315.3 sky=0 pot=-3349)
        topo: Lk(φ1,φ2)=-5.0 nseg1=2350 nseg2=660
        det(φ1): [(2350, 'e:ImportError')]
  n 33000: Q=-4.354 link=-68% C=400 E=  7912.4 (g1=3943 g2=4965 mag=1040.8 el=1312.1 sky=0 pot=-3349)
        topo: Lk(φ1,φ2)=-5.0 nseg1=2350 nseg2=662
        det(φ1): [(2350, 'e:ImportError')]
  n 33500: Q=-4.369 link=-68% C=400 E=  7865.2 (g1=3930 g2=4953 mag=1021.9 el=1308.2 sky=0 pot=-3349)
        topo: Lk(φ1,φ2)=-5.0 nseg1=2350 nseg2=660
        det(φ1): [(2350, 'e:ImportError')]
  n 34000: Q=-4.384 link=-68% C=400 E=  7819.9 (g1=3918 g2=4942 mag=1003.7 el=1305.2 sky=0 pot=-3349)
        topo: Lk(φ1,φ2)=-5.0 nseg1=2350 nseg2=656
        det(φ1): [(2350, 'e:ImportError')]
  n 34500: Q=-4.398 link=-68% C=400 E=  7775.6 (g1=3905 g2=4931 mag=986.2 el=1302.0 sky=0 pot=-3348)
        topo: Lk(φ1,φ2)=-5.0 nseg1=2350 nseg2=662
        det(φ1): [(2350, 'e:ImportError')]
  n 35000: Q=-4.412 link=-68% C=400 E=  7732.4 (g1=3893 g2=4920 mag=969.4 el=1299.0 sky=0 pot=-3348)
        topo: Lk(φ1,φ2)=-5.0 nseg1=2350 nseg2=662
        det(φ1): [(2350, 'e:ImportError')]
  n 35500: Q=-4.425 link=-68% C=400 E=  7690.4 (g1=3881 g2=4909 mag=953.1 el=1296.2 sky=0 pot=-3348)
        topo: Lk(φ1,φ2)=-5.0 nseg1=2350 nseg2=658
        det(φ1): [(2350, 'e:ImportError')]
  n 36000: Q=-4.438 link=-67% C=400 E=  7650.5 (g1=3869 g2=4898 mag=937.4 el=1294.5 sky=0 pot=-3348)
        topo: Lk(φ1,φ2)=-5.0 nseg1=2350 nseg2=658
        det(φ1): [(2350, 'e:ImportError')]
  FINAL E=7650.5 (EHN≈7000.0) link=-67% Lk(φ1,φ2)=-5.0 det(φ1)=[(2350, 'e:ImportError')] mag=937.4 el=1294.5  (9069s)
