EHN FAITHFUL relaxer  N=320 L=256.0 dx=0.800 nlink=4 C=400.0 α=0.0001 β=0.002 U=50.0 q1=1.0 q2=0.0 ic=screened agrad=wrapped  (EHN E≈6000.0)
  n     0: Q=-3.994 link=-100% C=0 E= 14981.8 (g1=1080 g2=9058 mag=8197.9 el=0.0 sky=0 pot=-3354)
        topo: Lk(φ1,φ2)=-3.894 nseg1=1410 nseg2=928
/workspace/jaxenv/lib/python3.14/site-packages/jax_solitons/knots.py:53: FutureWarning: In the future `np.object` will be defined as the corresponding NumPy scalar.
  if not hasattr(np, a):
Could not import cythonised chelpers, using Python alternative. This will give the same result, but is slower.
        det(φ1): [(444, 1), (322, 1), (322, 1), (322, 1)]
  n  1000: Q=-3.978 link=-100% C=50 E= 18428.2 (g1=1128 g2=8053 mag=7132.1 el=5469.6 sky=0 pot=-3354)
        topo: Lk(φ1,φ2)=-4.0 nseg1=1366 nseg2=872
  n  2000: Q=-3.899 link=-100% C=100 E= 19595.7 (g1=1049 g2=7787 mag=5936.7 el=8176.5 sky=0 pot=-3354)
        topo: Lk(φ1,φ2)=-4.0 nseg1=1364 nseg2=870
  n  3000: Q=-3.791 link=-100% C=150 E= 15466.7 (g1=1107 g2=7393 mag=5173.7 el=5147.6 sky=0 pot=-3354)
        topo: Lk(φ1,φ2)=-4.0 nseg1=1366 nseg2=888
  n  4000: Q=-3.692 link=-100% C=200 E= 13900.1 (g1=1210 g2=7023 mag=4600.2 el=4420.4 sky=0 pot=-3354)
        topo: Lk(φ1,φ2)=-4.0 nseg1=1364 nseg2=888
  n  5000: Q=-3.585 link=-100% C=250 E= 12973.5 (g1=1343 g2=6745 mag=4116.1 el=4123.0 sky=0 pot=-3354)
        topo: Lk(φ1,φ2)=-4.0 nseg1=1362 nseg2=862
  n  6000: Q=-3.479 link=-100% C=300 E= 12281.0 (g1=1491 g2=6528 mag=3700.3 el=3915.6 sky=0 pot=-3354)
        topo: Lk(φ1,φ2)=-4.0 nseg1=1354 nseg2=868
        det(φ1): [(388, 1), (322, 1), (322, 1), (322, 1)]
  n  7000: Q=-3.379 link=-98% C=350 E= 11722.0 (g1=1647 g2=6352 mag=3340.9 el=3736.0 sky=0 pot=-3354)
        topo: Lk(φ1,φ2)=-4.0 nseg1=1350 nseg2=876
  n  8000: Q=-3.292 link=-96% C=400 E= 11248.6 (g1=1805 g2=6207 mag=3029.2 el=3561.7 sky=0 pot=-3354)
        topo: Lk(φ1,φ2)=-4.0 nseg1=1348 nseg2=888
  n  9000: Q=-3.221 link=-92% C=400 E= 10327.1 (g1=1943 g2=6079 mag=2756.7 el=2902.0 sky=0 pot=-3353)
        topo: Lk(φ1,φ2)=-4.0 nseg1=1346 nseg2=864
  n 10000: Q=-3.167 link=-89% C=400 E=  9597.3 (g1=2045 g2=5964 mag=2517.3 el=2424.1 sky=0 pot=-3353)
        topo: Lk(φ1,φ2)=-4.0 nseg1=1344 nseg2=858
  n 11000: Q=-3.129 link=-87% C=400 E=  9066.3 (g1=2122 g2=5863 mag=2307.4 el=2126.1 sky=0 pot=-3353)
        topo: Lk(φ1,φ2)=-4.0 nseg1=1344 nseg2=868
  n 12000: Q=-3.106 link=-85% C=400 E=  8655.3 (g1=2183 g2=5775 mag=2123.0 el=1927.1 sky=0 pot=-3353)
        topo: Lk(φ1,φ2)=-4.0 nseg1=1338 nseg2=878
        det(φ1): [(372, 1), (322, 1), (322, 1), (322, 1)]
  n 13000: Q=-3.094 link=-83% C=400 E=  8326.7 (g1=2232 g2=5697 mag=1960.6 el=1790.8 sky=0 pot=-3353)
        topo: Lk(φ1,φ2)=-4.0 nseg1=1332 nseg2=892
  n 14000: Q=-3.093 link=-82% C=400 E=  8052.9 (g1=2271 g2=5626 mag=1817.3 el=1691.3 sky=0 pot=-3353)
        topo: Lk(φ1,φ2)=-4.0 nseg1=1332 nseg2=906
  n 15000: Q=-3.101 link=-81% C=400 E=  7810.7 (g1=2303 g2=5562 mag=1690.3 el=1608.1 sky=0 pot=-3353)
        topo: Lk(φ1,φ2)=-4.0 nseg1=1332 nseg2=890
  n 16000: Q=-3.116 link=-80% C=400 E=  7607.5 (g1=2329 g2=5503 mag=1577.5 el=1550.1 sky=0 pot=-3352)
        topo: Lk(φ1,φ2)=-4.0 nseg1=1330 nseg2=888
  n 17000: Q=-3.136 link=-79% C=400 E=  7423.6 (g1=2350 g2=5449 mag=1476.9 el=1499.7 sky=0 pot=-3352)
        topo: Lk(φ1,φ2)=-4.0 nseg1=1330 nseg2=882
  n 18000: Q=-3.160 link=-78% C=400 E=  7258.6 (g1=2367 g2=5399 mag=1387.0 el=1457.7 sky=0 pot=-3352)
        topo: Lk(φ1,φ2)=-4.0 nseg1=1330 nseg2=902
        det(φ1): [(364, 1), (322, 1), (322, 1), (322, 1)]
  n 19000: Q=-3.187 link=-78% C=400 E=  7113.0 (g1=2380 g2=5353 mag=1306.4 el=1426.1 sky=0 pot=-3352)
        topo: Lk(φ1,φ2)=-4.0 nseg1=1330 nseg2=890
  n 20000: Q=-3.216 link=-77% C=400 E=  6979.6 (g1=2390 g2=5309 mag=1233.9 el=1398.6 sky=0 pot=-3352)
        topo: Lk(φ1,φ2)=-4.0 nseg1=1330 nseg2=880
  n 21000: Q=-3.245 link=-77% C=400 E=  6857.1 (g1=2397 g2=5268 mag=1168.4 el=1374.9 sky=0 pot=-3352)
        topo: Lk(φ1,φ2)=-4.0 nseg1=1330 nseg2=890
  n 22000: Q=-3.276 link=-77% C=400 E=  6745.4 (g1=2403 g2=5229 mag=1109.2 el=1355.7 sky=0 pot=-3351)
        topo: Lk(φ1,φ2)=-4.0 nseg1=1328 nseg2=870
  n 23000: Q=-3.306 link=-76% C=400 E=  6641.6 (g1=2406 g2=5192 mag=1055.5 el=1338.6 sky=0 pot=-3351)
        topo: Lk(φ1,φ2)=-4.0 nseg1=1328 nseg2=894
  n 24000: Q=-3.336 link=-76% C=400 E=  6544.9 (g1=2409 g2=5157 mag=1006.6 el=1323.4 sky=0 pot=-3351)
        topo: Lk(φ1,φ2)=-4.0 nseg1=1328 nseg2=864
        det(φ1): [(362, 1), (322, 1), (322, 1), (322, 1)]
  n 25000: Q=-3.365 link=-76% C=400 E=  6455.0 (g1=2410 g2=5124 mag=961.9 el=1310.5 sky=0 pot=-3351)
        topo: Lk(φ1,φ2)=-4.0 nseg1=1328 nseg2=862
  n 26000: Q=-3.393 link=-76% C=400 E=  6371.6 (g1=2410 g2=5092 mag=921.1 el=1299.7 sky=0 pot=-3351)
        topo: Lk(φ1,φ2)=-4.0 nseg1=1326 nseg2=894
  n 27000: Q=-3.420 link=-76% C=400 E=  6290.9 (g1=2409 g2=5061 mag=883.7 el=1287.7 sky=0 pot=-3351)
        topo: Lk(φ1,φ2)=-4.0 nseg1=1328 nseg2=888
  n 28000: Q=-3.446 link=-76% C=400 E=  6214.5 (g1=2407 g2=5032 mag=849.2 el=1276.6 sky=0 pot=-3350)
        topo: Lk(φ1,φ2)=-4.0 nseg1=1328 nseg2=880
  n 29000: Q=-3.470 link=-76% C=400 E=  6144.7 (g1=2405 g2=5003 mag=817.5 el=1268.8 sky=0 pot=-3350)
        topo: Lk(φ1,φ2)=-4.0 nseg1=1328 nseg2=864
  n 30000: Q=-3.494 link=-75% C=400 E=  6077.3 (g1=2403 g2=4976 mag=788.2 el=1260.5 sky=0 pot=-3350)
        topo: Lk(φ1,φ2)=-4.0 nseg1=1326 nseg2=868
        det(φ1): [(360, 1), (322, 1), (322, 1), (322, 1)]
  n 31000: Q=-3.516 link=-75% C=400 E=  6014.1 (g1=2400 g2=4949 mag=761.1 el=1253.5 sky=0 pot=-3350)
        topo: Lk(φ1,φ2)=-4.0 nseg1=1328 nseg2=878
  n 32000: Q=-3.536 link=-75% C=400 E=  5953.0 (g1=2397 g2=4924 mag=736.0 el=1246.2 sky=0 pot=-3350)
        topo: Lk(φ1,φ2)=-4.0 nseg1=1330 nseg2=878
  n 33000: Q=-3.556 link=-75% C=400 E=  5896.2 (g1=2394 g2=4899 mag=712.7 el=1240.8 sky=0 pot=-3350)
        topo: Lk(φ1,φ2)=-4.0 nseg1=1330 nseg2=894
  n 34000: Q=-3.575 link=-75% C=400 E=  5842.4 (g1=2390 g2=4874 mag=691.0 el=1236.2 sky=0 pot=-3349)
        topo: Lk(φ1,φ2)=-4.0 nseg1=1330 nseg2=880
  n 35000: Q=-3.592 link=-75% C=400 E=  5787.7 (g1=2386 g2=4851 mag=670.7 el=1228.8 sky=0 pot=-3349)
        topo: Lk(φ1,φ2)=-4.0 nseg1=1330 nseg2=890
  n 36000: Q=-3.608 link=-75% C=400 E=  5739.5 (g1=2383 g2=4828 mag=651.8 el=1225.9 sky=0 pot=-3349)
        topo: Lk(φ1,φ2)=-4.0 nseg1=1330 nseg2=908
        det(φ1): [(364, 1), (322, 1), (322, 1), (322, 1)]
  FINAL E=5739.5 (EHN≈6000.0) link=-75% Lk(φ1,φ2)=-4.0 det(φ1)=[(364, 1), (322, 1), (322, 1), (322, 1)] mag=651.8 el=1225.9  (7114s)
