@@@@@@@@@@@@@@@@@@@@@@@@@@@@@@@@@@@@@@@@@@@@@@@@@@@@@@@@@@@
@    WARNING: REMOTE HOST IDENTIFICATION HAS CHANGED!     @
@@@@@@@@@@@@@@@@@@@@@@@@@@@@@@@@@@@@@@@@@@@@@@@@@@@@@@@@@@@
IT IS POSSIBLE THAT SOMEONE IS DOING SOMETHING NASTY!
Someone could be eavesdropping on you right now (man-in-the-middle attack)!
It is also possible that a host key has just been changed.
The fingerprint for the ED25519 key sent by the remote host is
SHA256:cKNkBp63UYLdSVCKmtP6FDtcuuqIxWWZ+opgwq2z4eE.
Please contact your system administrator.
Add correct host key in /home/jim/.ssh/known_hosts to get rid of this message.
Offending ECDSA key in /home/jim/.ssh/known_hosts:154
  remove with:
  ssh-keygen -f '/home/jim/.ssh/known_hosts' -R '[ssh6.vast.ai]:28548'
Password authentication is disabled to avoid man-in-the-middle attacks.
Keyboard-interactive authentication is disabled to avoid man-in-the-middle attacks.
UpdateHostkeys is disabled because the host key is not trusted.
WARNING: Running pip as the 'root' user can result in broken permissions and conflicting behaviour with the system package manager, possibly rendering your system unusable. It is recommended to use a virtual environment instead: https://pip.pypa.io/warnings/venv. Use the --root-user-action option if you know what you are doing and want to suppress this warning.
preflight OK: T(2,3) identifies as det 3 on this box
LAUNCHED detached: c5a9c2c9-26b3-44e8-8364-1d3bdd9a4e2a 5592
marker: exit=0
