EHN FAITHFUL relaxer  N=320 L=256.0 dx=0.800 nlink=4 C=400.0 α=0.0001 β=0.002 U=50.0 q1=1.0 q2=0.0 ic=screened agrad=bilinear  (EHN E≈6000.0)
  n     0: Q=-3.993 link=-87% C=0 E=  9483.8 (g1=1096 g2=8975 mag=2767.2 el=0.0 sky=0 pot=-3354)
        topo: Lk(φ1,φ2)=-3.97 nseg1=1520 nseg2=918
/workspace/jaxenv/lib/python3.14/site-packages/jax_solitons/knots.py:53: FutureWarning: In the future `np.object` will be defined as the corresponding NumPy scalar.
  if not hasattr(np, a):
Could not import cythonised chelpers, using Python alternative. This will give the same result, but is slower.
        det(φ1): [(422, 1), (320, 1), (320, 1), (320, 1)]
  n  1000: Q=-4.002 link=-87% C=50 E= 10618.7 (g1=1164 g2=7972 mag=2478.8 el=2358.3 sky=0 pot=-3354)
        topo: Lk(φ1,φ2)=-4.054 nseg1=1692 nseg2=820
  n  2000: Q=-4.255 link=-50% C=100 E= 10336.7 (g1=1202 g2=7532 mag=2163.3 el=2791.9 sky=0 pot=-3353)
        topo: Lk(φ1,φ2)=-3.998 nseg1=1488 nseg2=870
  n  3000: Q=-3.600 link=-26% C=150 E=  7772.7 (g1=1243 g2=7142 mag=2011.4 el=730.3 sky=0 pot=-3354)
        topo: Lk(φ1,φ2)=-3.967 nseg1=1490 nseg2=808
  n  4000: Q=-3.015 link=-22% C=200 E=  6850.5 (g1=1235 g2=6782 mag=1892.1 el=295.2 sky=0 pot=-3354)
        topo: Lk(φ1,φ2)=-4.005 nseg1=1478 nseg2=776
  n  5000: Q=-2.595 link=-20% C=250 E=  6401.0 (g1=1236 g2=6510 mag=1786.2 el=222.6 sky=0 pot=-3354)
        topo: Lk(φ1,φ2)=-4.007 nseg1=1468 nseg2=752
  n  6000: Q=-2.287 link=-19% C=300 E=  6072.4 (g1=1241 g2=6301 mag=1693.6 el=190.2 sky=0 pot=-3354)
        topo: Lk(φ1,φ2)=-4.015 nseg1=1468 nseg2=812
        det(φ1): [(376, 1), (370, 1), (368, 1), (354, 1)]
  n  7000: Q=-2.055 link=-18% C=350 E=  5806.6 (g1=1248 g2=6135 mag=1612.3 el=165.5 sky=0 pot=-3354)
        topo: Lk(φ1,φ2)=-3.999 nseg1=1466 nseg2=802
  n  8000: Q=-1.877 link=-16% C=400 E=  5583.1 (g1=1254 g2=5998 mag=1540.3 el=144.1 sky=0 pot=-3353)
        topo: Lk(φ1,φ2)=-3.993 nseg1=1494 nseg2=788
  n  9000: Q=-1.749 link=-15% C=400 E=  5372.7 (g1=1260 g2=5880 mag=1474.0 el=112.2 sky=0 pot=-3353)
        topo: Lk(φ1,φ2)=-4.006 nseg1=1496 nseg2=750
  n 10000: Q=-1.655 link=-15% C=400 E=  5196.2 (g1=1264 g2=5778 mag=1412.1 el=95.4 sky=0 pot=-3353)
        topo: Lk(φ1,φ2)=-3.993 nseg1=1516 nseg2=744
  n 11000: Q=-1.583 link=-14% C=400 E=  5044.2 (g1=1268 g2=5687 mag=1355.5 el=86.2 sky=0 pot=-3353)
        topo: Lk(φ1,φ2)=-3.994 nseg1=1530 nseg2=738
  n 12000: Q=-1.529 link=-14% C=400 E=  4909.9 (g1=1271 g2=5607 mag=1304.0 el=80.6 sky=0 pot=-3353)
        topo: Lk(φ1,φ2)=-4.004 nseg1=1528 nseg2=730
        det(φ1): [(388, 1), (384, 1), (382, 1), (374, 1)]
  n 13000: Q=-1.488 link=-14% C=400 E=  4789.3 (g1=1273 g2=5535 mag=1257.2 el=76.7 sky=0 pot=-3353)
        topo: Lk(φ1,φ2)=-3.996 nseg1=1516 nseg2=730
  n 14000: Q=-1.458 link=-14% C=400 E=  4679.7 (g1=1275 g2=5469 mag=1214.5 el=73.8 sky=0 pot=-3353)
        topo: Lk(φ1,φ2)=-3.987 nseg1=1502 nseg2=734
  n 15000: Q=-1.437 link=-14% C=400 E=  4579.2 (g1=1275 g2=5409 mag=1175.6 el=71.5 sky=0 pot=-3353)
        topo: Lk(φ1,φ2)=-3.992 nseg1=1498 nseg2=736
  n 16000: Q=-1.423 link=-14% C=400 E=  4486.6 (g1=1275 g2=5354 mag=1140.1 el=69.7 sky=0 pot=-3352)
        topo: Lk(φ1,φ2)=-3.994 nseg1=1494 nseg2=736
  n 17000: Q=-1.413 link=-13% C=400 E=  4400.6 (g1=1275 g2=5302 mag=1107.5 el=68.3 sky=0 pot=-3352)
        topo: Lk(φ1,φ2)=-3.994 nseg1=1500 nseg2=764
  n 18000: Q=-1.408 link=-13% C=400 E=  4320.6 (g1=1274 g2=5254 mag=1077.5 el=67.0 sky=0 pot=-3352)
        topo: Lk(φ1,φ2)=-3.997 nseg1=1506 nseg2=776
        det(φ1): [(380, 1), (380, 1), (378, 1), (368, 1)]
  n 19000: Q=-1.406 link=-13% C=400 E=  4245.6 (g1=1273 g2=5209 mag=1050.0 el=65.9 sky=0 pot=-3352)
        topo: Lk(φ1,φ2)=-4.0 nseg1=1510 nseg2=790
  n 20000: Q=-1.408 link=-13% C=400 E=  4175.3 (g1=1272 g2=5166 mag=1024.6 el=64.9 sky=0 pot=-3352)
        topo: Lk(φ1,φ2)=-4.0 nseg1=1520 nseg2=778
  n 21000: Q=-1.411 link=-13% C=400 E=  4109.1 (g1=1270 g2=5126 mag=1001.0 el=64.1 sky=0 pot=-3352)
        topo: Lk(φ1,φ2)=-4.0 nseg1=1526 nseg2=782
  n 22000: Q=-1.417 link=-13% C=400 E=  4046.6 (g1=1268 g2=5087 mag=979.2 el=63.3 sky=0 pot=-3352)
        topo: Lk(φ1,φ2)=-4.0 nseg1=1536 nseg2=794
  n 23000: Q=-1.425 link=-13% C=400 E=  3987.4 (g1=1266 g2=5051 mag=959.0 el=62.7 sky=0 pot=-3351)
        topo: Lk(φ1,φ2)=-4.0 nseg1=1548 nseg2=782
  n 24000: Q=-1.434 link=-13% C=400 E=  3931.3 (g1=1264 g2=5016 mag=940.2 el=62.0 sky=0 pot=-3351)
        topo: Lk(φ1,φ2)=-4.0 nseg1=1548 nseg2=782
        det(φ1): [(392, 1), (390, 1), (386, 1), (380, 1)]
  n 25000: Q=-1.444 link=-13% C=400 E=  3878.0 (g1=1262 g2=4983 mag=922.6 el=61.5 sky=0 pot=-3351)
        topo: Lk(φ1,φ2)=-4.0 nseg1=1558 nseg2=776
  n 26000: Q=-1.455 link=-13% C=400 E=  3827.2 (g1=1259 g2=4952 mag=906.2 el=60.9 sky=0 pot=-3351)
        topo: Lk(φ1,φ2)=-4.0 nseg1=1562 nseg2=778
  n 27000: Q=-1.466 link=-13% C=400 E=  3778.7 (g1=1257 g2=4921 mag=890.8 el=60.4 sky=0 pot=-3351)
        topo: Lk(φ1,φ2)=-4.0 nseg1=1566 nseg2=778
  n 28000: Q=-1.478 link=-13% C=400 E=  3732.4 (g1=1254 g2=4892 mag=876.5 el=60.0 sky=0 pot=-3351)
        topo: Lk(φ1,φ2)=-4.0 nseg1=1576 nseg2=768
  n 29000: Q=-1.490 link=-13% C=400 E=  3688.0 (g1=1252 g2=4864 mag=862.9 el=59.5 sky=0 pot=-3351)
        topo: Lk(φ1,φ2)=-4.0 nseg1=1578 nseg2=770
  n 30000: Q=-1.502 link=-13% C=400 E=  3645.5 (g1=1249 g2=4837 mag=850.2 el=59.1 sky=0 pot=-3350)
        topo: Lk(φ1,φ2)=-4.0 nseg1=1580 nseg2=778
        det(φ1): [(402, 1), (394, 1), (394, 1), (390, 1)]
  n 31000: Q=-1.515 link=-13% C=400 E=  3604.7 (g1=1247 g2=4811 mag=838.3 el=58.7 sky=0 pot=-3350)
        topo: Lk(φ1,φ2)=-4.0 nseg1=1586 nseg2=778
  n 32000: Q=-1.527 link=-13% C=400 E=  3565.5 (g1=1244 g2=4786 mag=827.0 el=58.4 sky=0 pot=-3350)
        topo: Lk(φ1,φ2)=-4.0 nseg1=1584 nseg2=776
  n 33000: Q=-1.538 link=-13% C=400 E=  3527.9 (g1=1242 g2=4762 mag=816.4 el=58.0 sky=0 pot=-3350)
        topo: Lk(φ1,φ2)=-4.0 nseg1=1570 nseg2=766
  n 34000: Q=-1.550 link=-13% C=400 E=  3491.6 (g1=1239 g2=4738 mag=806.3 el=57.7 sky=0 pot=-3350)
        topo: Lk(φ1,φ2)=-4.0 nseg1=1588 nseg2=758
  n 35000: Q=-1.560 link=-13% C=400 E=  3456.7 (g1=1237 g2=4715 mag=796.8 el=57.4 sky=0 pot=-3350)
        topo: Lk(φ1,φ2)=-4.0 nseg1=1588 nseg2=752
  n 36000: Q=-1.570 link=-13% C=400 E=  3423.0 (g1=1235 g2=4693 mag=787.8 el=57.1 sky=0 pot=-3350)
        topo: Lk(φ1,φ2)=-4.0 nseg1=1594 nseg2=750
        det(φ1): [(414, 1), (398, 1), (394, 1), (388, 1)]
  FINAL E=3423.0 (EHN≈6000.0) link=-13% Lk(φ1,φ2)=-4.0 det(φ1)=[(414, 1), (398, 1), (394, 1), (388, 1)] mag=787.8 el=57.1  (6211s)
